error: call to `foo` not preceded by call to `init`
  --> $DIR/init_before_foo3.rs:10:5
   |
LL |     bar();
   |     ^^^^^
...
LL |     foo();
   |     ^^^^^
   |
   = note: `#[deny(clippy::init_before_foo)]` on by default

error: aborting due to previous error

